here() starts at /home/acflint/R/Projects/XeniumFCProject
Loading required package: SeuratObject
Loading required package: sp

Attaching package: ‘SeuratObject’

The following objects are masked from ‘package:base’:

    intersect, t


Attaching package: ‘dplyr’

The following objects are masked from ‘package:stats’:

    filter, lag

The following objects are masked from ‘package:base’:

    intersect, setdiff, setequal, union


Attaching package: ‘igraph’

The following objects are masked from ‘package:dplyr’:

    as_data_frame, groups, union

The following objects are masked from ‘package:future’:

    %->%, %<-%

The following object is masked from ‘package:Seurat’:

    components

The following objects are masked from ‘package:stats’:

    decompose, spectrum

The following object is masked from ‘package:base’:

    union

Starting sample: GZFB4_X_G at 2026-02-27 13:59:00.945877
Cell stat CSV validated. Loading Xenium object...
Cell_seg columns: cell_id, segmentation_method
10X data contains more than one type and is being returned as a list containing matrices of each type.
Warning: Feature names cannot have underscores ('_'), replacing with dashes ('-')
Warning: Feature names cannot have underscores ('_'), replacing with dashes ('-')
Warning: Feature names cannot have underscores ('_'), replacing with dashes ('-')
Warning: Feature names cannot have underscores ('_'), replacing with dashes ('-')
Warning: Feature names cannot have underscores ('_'), replacing with dashes ('-')
Warning: Feature names cannot have underscores ('_'), replacing with dashes ('-')
Warning: Feature names cannot have underscores ('_'), replacing with dashes ('-')
Warning: Feature names cannot have underscores ('_'), replacing with dashes ('-')
Cerebellum plot saved to: /home/acflint/R/Projects/XeniumFCProject/outputs/GZFB4_X_G_CB_nCount_FeatPlot.png
Saved RDS file to:/home/acflint/R/Projects/XeniumFCProject/outputs/GZFB4_X_G_CB.rds
Rasterizing points since number of points exceeds 100,000.
To disable this behavior set `raster=FALSE`
Normalizing layer: counts
Performing log-normalization
0%   10   20   30   40   50   60   70   80   90   100%
[----|----|----|----|----|----|----|----|----|----|
**************************************************|
Finding variable features for layer counts
Calculating gene variances
0%   10   20   30   40   50   60   70   80   90   100%
[----|----|----|----|----|----|----|----|----|----|
**************************************************|
Calculating feature variances of standardized and clipped values
0%   10   20   30   40   50   60   70   80   90   100%
[----|----|----|----|----|----|----|----|----|----|
**************************************************|
Centering and scaling data matrix
  |                                                                              |                                                                      |   0%  |                                                                              |===================================                                   |  50%  |                                                                              |======================================================================| 100%
Removed scale.data layer from assay: Xenium
Warning: The default method for RunUMAP has changed from calling Python UMAP via reticulate to the R-native UWOT using the cosine metric
To use Python UMAP via reticulate, set umap.method to 'umap-learn' and metric to 'correlation'
This message will be shown once per session
Computing nearest neighbor graph
Computing SNN
Rasterizing points since number of points exceeds 100,000.
To disable this behavior set `raster=FALSE`
Rasterizing points since number of points exceeds 100,000.
To disable this behavior set `raster=FALSE`
Saved PDF plots: /home/acflint/R/Projects/XeniumFCProject/outputs/GZFB4_X_G_ClusterOptim_UMAP_Plots.pdf
Saved spatial plots PNGs
Saved processed Seurat object: /home/acflint/R/Projects/XeniumFCProject/outputs/GZFB4_X_G_CB_QC_cluster.rds
Finished sample: GZFB4_X_G at 2026-02-27 14:31:40.77961
There were 19 warnings (use warnings() to see them)
All samples complete.
