here() starts at /home/acflint/R/Projects/XeniumFCProject
Loading required package: SeuratObject
Loading required package: sp

Attaching package: ‘SeuratObject’

The following objects are masked from ‘package:base’:

    intersect, t


Attaching package: ‘dplyr’

The following objects are masked from ‘package:stats’:

    filter, lag

The following objects are masked from ‘package:base’:

    intersect, setdiff, setequal, union


Attaching package: ‘igraph’

The following objects are masked from ‘package:dplyr’:

    as_data_frame, groups, union

The following objects are masked from ‘package:future’:

    %->%, %<-%

The following object is masked from ‘package:Seurat’:

    components

The following objects are masked from ‘package:stats’:

    decompose, spectrum

The following object is masked from ‘package:base’:

    union

Starting sample: GZFB_9_X_G_3 at 2026-02-27 15:07:48.545983
Cell stat CSV validated. Loading Xenium object...
Cell_seg columns: cell_id, segmentation_method
10X data contains more than one type and is being returned as a list containing matrices of each type.
Error : IOError: ZSTD decompression failed: Data corruption detected
Error in file(file, "rt") : cannot open the connection
ERROR processing sample: GZFB_9_X_G_3
Xenium outputs were incomplete: missing transcripts. Xenium outputs no longer include `transcripts.csv.gz`. Instead, please install `arrow` to read transcripts.parquet
All samples complete.
